=== train_companero_agents.py — device=cpu, salida=C:\Users\svela\Documents\Projects\Universidad\TIA\Taller5\results\models ===

=== Maestro (DQN vs Random, 20000 eps, seed=0) ===
▶ Motor RL Iniciado. Entrenando en cpu por 20000 episodios...
Episodio 5000 | Recompensa Total:  -3.0 | Epsilon: 0.351
Episodio 10000 | Recompensa Total:  -3.0 | Epsilon: 0.114
Episodio 15000 | Recompensa Total:   3.0 | Epsilon: 0.050
Episodio 20000 | Recompensa Total:   3.0 | Epsilon: 0.050
✔ Entrenamiento finalizado en 159.40s
  guardado: maestro.pt

=== MasterDQN curriculum (3 fases x 20000 eps, seed=1) ===
  Fase 1/3: vs Maestro
▶ Motor RL Iniciado. Entrenando en cpu por 20000 episodios...
Episodio 5000 | Recompensa Total: -10.0 | Epsilon: 0.373
Episodio 10000 | Recompensa Total:   3.0 | Epsilon: 0.119
Episodio 15000 | Recompensa Total:   3.0 | Epsilon: 0.100
Episodio 20000 | Recompensa Total:   3.0 | Epsilon: 0.100
✔ Entrenamiento finalizado en 172.80s
  Fase 2/3: vs Algorithm
▶ Motor RL Iniciado. Entrenando en cpu por 20000 episodios...
Episodio 5000 | Recompensa Total:   1.0 | Epsilon: 0.090
Episodio 10000 | Recompensa Total:   1.0 | Epsilon: 0.050
Episodio 15000 | Recompensa Total:   1.0 | Epsilon: 0.050
Episodio 20000 | Recompensa Total:   1.0 | Epsilon: 0.050
✔ Entrenamiento finalizado en 171.93s
  Fase 3/3: vs Random
▶ Motor RL Iniciado. Entrenando en cpu por 20000 episodios...
Episodio 5000 | Recompensa Total:   3.0 | Epsilon: 0.050
Episodio 10000 | Recompensa Total:   3.0 | Epsilon: 0.050
Episodio 15000 | Recompensa Total:   3.0 | Epsilon: 0.050
Episodio 20000 | Recompensa Total:  -3.0 | Epsilon: 0.050
✔ Entrenamiento finalizado en 115.68s
  guardado: dqn_curriculum.pt

=== MasterSARSA curriculum (3 fases x 20000 eps, seed=2) ===
  Fase 1/3: vs Maestro
▶ Motor RL Iniciado. Entrenando en cpu por 20000 episodios...
Episodio 5000 | Recompensa Total:   3.0 | Epsilon: 0.404
Episodio 10000 | Recompensa Total:   3.0 | Epsilon: 0.152
Episodio 15000 | Recompensa Total:   3.0 | Epsilon: 0.100
Episodio 20000 | Recompensa Total:   3.0 | Epsilon: 0.100
✔ Entrenamiento finalizado en 105.77s
  Fase 2/3: vs Algorithm
▶ Motor RL Iniciado. Entrenando en cpu por 20000 episodios...
Episodio 5000 | Recompensa Total:   1.0 | Epsilon: 0.113
Episodio 10000 | Recompensa Total:  -3.0 | Epsilon: 0.050
Episodio 15000 | Recompensa Total:  -3.0 | Epsilon: 0.050
Episodio 20000 | Recompensa Total:   1.0 | Epsilon: 0.050
✔ Entrenamiento finalizado en 161.21s
  Fase 3/3: vs Random
▶ Motor RL Iniciado. Entrenando en cpu por 20000 episodios...
Episodio 5000 | Recompensa Total:   3.0 | Epsilon: 0.050
Episodio 10000 | Recompensa Total:   3.0 | Epsilon: 0.050
Episodio 15000 | Recompensa Total:   3.0 | Epsilon: 0.050
Episodio 20000 | Recompensa Total:  -3.0 | Epsilon: 0.050
✔ Entrenamiento finalizado en 149.89s
  guardado: sarsa_curriculum.pt

=== Tiempo total: 1037.5s (17.3 min) ===
