=== run_robustness.py — 5 semillas × K∈(0, 2, 4) × 200 partidas/celda ===

Cargando agentes desde results/models/...
  ✓ Base
  ✓ Improved
  ✓ DQN
  ✓ SARSA

[Base] vs [Random]...
C:\Users\svela\Documents\Projects\Universidad\TIA\Taller5\scripts\run_robustness.py:186: FutureWarning: DataFrameGroupBy.apply operated on the grouping columns. This behavior is deprecated, and in a future version of pandas the grouping columns will be excluded from the operation. Either pass `include_groups=False` to exclude the groupings or explicitly select the grouping columns after groupby to silence this warning.
  agg = df.groupby(["K", "agent_role"]).apply(
                 WR     DR     LR
K agent_role                     
0 1           0.825  0.030  0.145
  2           0.147  0.073  0.780
2 1           0.703  0.091  0.206
  2           0.202  0.109  0.689
4 1           0.617  0.123  0.260
  2           0.247  0.129  0.624

[Base] vs [Algorithm]...
C:\Users\svela\Documents\Projects\Universidad\TIA\Taller5\scripts\run_robustness.py:186: FutureWarning: DataFrameGroupBy.apply operated on the grouping columns. This behavior is deprecated, and in a future version of pandas the grouping columns will be excluded from the operation. Either pass `include_groups=False` to exclude the groupings or explicitly select the grouping columns after groupby to silence this warning.
  agg = df.groupby(["K", "agent_role"]).apply(
                 WR     DR     LR
K agent_role                     
0 1           0.000  0.000  1.000
  2           0.000  0.000  1.000
2 1           0.071  0.195  0.734
  2           0.005  0.073  0.922
4 1           0.248  0.199  0.553
  2           0.006  0.087  0.907

[Base] vs [Minimax]...
C:\Users\svela\Documents\Projects\Universidad\TIA\Taller5\scripts\run_robustness.py:186: FutureWarning: DataFrameGroupBy.apply operated on the grouping columns. This behavior is deprecated, and in a future version of pandas the grouping columns will be excluded from the operation. Either pass `include_groups=False` to exclude the groupings or explicitly select the grouping columns after groupby to silence this warning.
  agg = df.groupby(["K", "agent_role"]).apply(
                 WR     DR     LR
K agent_role                     
0 1           0.000  0.000  1.000
  2           0.000  0.017  0.983
2 1           0.179  0.107  0.714
  2           0.000  0.018  0.982
4 1           0.296  0.168  0.536
  2           0.021  0.045  0.934

[Improved] vs [Random]...
C:\Users\svela\Documents\Projects\Universidad\TIA\Taller5\scripts\run_robustness.py:186: FutureWarning: DataFrameGroupBy.apply operated on the grouping columns. This behavior is deprecated, and in a future version of pandas the grouping columns will be excluded from the operation. Either pass `include_groups=False` to exclude the groupings or explicitly select the grouping columns after groupby to silence this warning.
  agg = df.groupby(["K", "agent_role"]).apply(
                 WR     DR     LR
K agent_role                     
0 1           0.992  0.008  0.000
  2           0.920  0.080  0.000
2 1           0.988  0.012  0.000
  2           0.758  0.108  0.134
4 1           0.904  0.062  0.034
  2           0.584  0.161  0.255

[Improved] vs [Algorithm]...
C:\Users\svela\Documents\Projects\Universidad\TIA\Taller5\scripts\run_robustness.py:186: FutureWarning: DataFrameGroupBy.apply operated on the grouping columns. This behavior is deprecated, and in a future version of pandas the grouping columns will be excluded from the operation. Either pass `include_groups=False` to exclude the groupings or explicitly select the grouping columns after groupby to silence this warning.
  agg = df.groupby(["K", "agent_role"]).apply(
                 WR     DR     LR
K agent_role                     
0 1           0.000  1.000  0.000
  2           0.000  1.000  0.000
2 1           0.587  0.413  0.000
  2           0.143  0.344  0.513
4 1           0.660  0.230  0.110
  2           0.081  0.234  0.685

[Improved] vs [Minimax]...
C:\Users\svela\Documents\Projects\Universidad\TIA\Taller5\scripts\run_robustness.py:186: FutureWarning: DataFrameGroupBy.apply operated on the grouping columns. This behavior is deprecated, and in a future version of pandas the grouping columns will be excluded from the operation. Either pass `include_groups=False` to exclude the groupings or explicitly select the grouping columns after groupby to silence this warning.
  agg = df.groupby(["K", "agent_role"]).apply(
                 WR     DR     LR
K agent_role                     
0 1           0.000  1.000  0.000
  2           0.000  1.000  0.000
2 1           0.567  0.433  0.000
  2           0.000  0.193  0.807
4 1           0.637  0.244  0.119
  2           0.049  0.166  0.785

[DQN] vs [Random]...
C:\Users\svela\Documents\Projects\Universidad\TIA\Taller5\scripts\run_robustness.py:186: FutureWarning: DataFrameGroupBy.apply operated on the grouping columns. This behavior is deprecated, and in a future version of pandas the grouping columns will be excluded from the operation. Either pass `include_groups=False` to exclude the groupings or explicitly select the grouping columns after groupby to silence this warning.
  agg = df.groupby(["K", "agent_role"]).apply(
                 WR     DR     LR
K agent_role                     
0 1           0.897  0.047  0.056
  2           0.810  0.087  0.103
2 1           0.770  0.128  0.102
  2           0.608  0.135  0.257
4 1           0.746  0.135  0.119
  2           0.488  0.134  0.378

[DQN] vs [Algorithm]...
C:\Users\svela\Documents\Projects\Universidad\TIA\Taller5\scripts\run_robustness.py:186: FutureWarning: DataFrameGroupBy.apply operated on the grouping columns. This behavior is deprecated, and in a future version of pandas the grouping columns will be excluded from the operation. Either pass `include_groups=False` to exclude the groupings or explicitly select the grouping columns after groupby to silence this warning.
  agg = df.groupby(["K", "agent_role"]).apply(
                 WR     DR     LR
K agent_role                     
0 1           0.000  1.000  0.000
  2           0.000  0.000  1.000
2 1           0.133  0.474  0.393
  2           0.013  0.308  0.679
4 1           0.349  0.344  0.307
  2           0.036  0.198  0.766

[DQN] vs [Minimax]...
C:\Users\svela\Documents\Projects\Universidad\TIA\Taller5\scripts\run_robustness.py:186: FutureWarning: DataFrameGroupBy.apply operated on the grouping columns. This behavior is deprecated, and in a future version of pandas the grouping columns will be excluded from the operation. Either pass `include_groups=False` to exclude the groupings or explicitly select the grouping columns after groupby to silence this warning.
  agg = df.groupby(["K", "agent_role"]).apply(
                 WR     DR     LR
K agent_role                     
0 1           0.000  0.458  0.542
  2           0.000  0.429  0.571
2 1           0.186  0.363  0.451
  2           0.000  0.130  0.870
4 1           0.406  0.292  0.302
  2           0.038  0.111  0.851

[SARSA] vs [Random]...
C:\Users\svela\Documents\Projects\Universidad\TIA\Taller5\scripts\run_robustness.py:186: FutureWarning: DataFrameGroupBy.apply operated on the grouping columns. This behavior is deprecated, and in a future version of pandas the grouping columns will be excluded from the operation. Either pass `include_groups=False` to exclude the groupings or explicitly select the grouping columns after groupby to silence this warning.
  agg = df.groupby(["K", "agent_role"]).apply(
                 WR     DR     LR
K agent_role                     
0 1           0.916  0.053  0.031
  2           0.640  0.124  0.236
2 1           0.719  0.131  0.150
  2           0.512  0.150  0.338
4 1           0.700  0.114  0.186
  2           0.436  0.163  0.401

[SARSA] vs [Algorithm]...
C:\Users\svela\Documents\Projects\Universidad\TIA\Taller5\scripts\run_robustness.py:186: FutureWarning: DataFrameGroupBy.apply operated on the grouping columns. This behavior is deprecated, and in a future version of pandas the grouping columns will be excluded from the operation. Either pass `include_groups=False` to exclude the groupings or explicitly select the grouping columns after groupby to silence this warning.
  agg = df.groupby(["K", "agent_role"]).apply(
                 WR     DR     LR
K agent_role                     
0 1           0.000  0.718  0.282
  2           0.000  0.000  1.000
2 1           0.128  0.320  0.552
  2           0.018  0.106  0.876
4 1           0.328  0.230  0.442
  2           0.033  0.175  0.792

[SARSA] vs [Minimax]...
C:\Users\svela\Documents\Projects\Universidad\TIA\Taller5\scripts\run_robustness.py:186: FutureWarning: DataFrameGroupBy.apply operated on the grouping columns. This behavior is deprecated, and in a future version of pandas the grouping columns will be excluded from the operation. Either pass `include_groups=False` to exclude the groupings or explicitly select the grouping columns after groupby to silence this warning.
  agg = df.groupby(["K", "agent_role"]).apply(
                 WR     DR     LR
K agent_role                     
0 1           0.000  0.718  0.282
  2           0.000  0.114  0.886
2 1           0.211  0.313  0.476
  2           0.000  0.089  0.911
4 1           0.352  0.208  0.440
  2           0.042  0.089  0.869

Raw CSV: results\robustness_raw.csv  (360 filas)
  ✓ results\figures\robustness_random.png
  ✓ results\figures\robustness_algorithm.png
  ✓ results\figures\robustness_minimax.png

=== Tiempo total: 54.4s (0.9 min) ===
